Invalid coordinate
Invalid!
A17,xxxxxxxxxx....xxx....xxx....xxx....xxx....xxx....
A1B1A2B2A3B3A4B4B12
W