Black wins!
A1B10B2B12C3B11D4B13E5
Thank you for playing!