Black wins!
A1B1A2B2A3B3A4B4A5
Thank you for playing!